[vetra.laborasyon.com/demos/default/index.html]
[backblue.gif]
[fade.gif]
[index.html]
[vetra.laborasyon.com/assets/images/favicon.png]
[vetra.laborasyon.com/dist/icons/bootstrap-icons-1.4.0/bootstrap-icons.min.css]
[vetra.laborasyon.com/dist/css/bootstrap-docs.css]
[vetra.laborasyon.com/libs/slick/slick.css]
[vetra.laborasyon.com/dist/css/app.min.css]
[vetra.laborasyon.com/demos/default/index-2.html]
[vetra.laborasyon.com/assets/images/user/man_avatar3.jpg]
[vetra.laborasyon.com/demos/default/login.html]
[vetra.laborasyon.com/demos/default/orders.html]
[vetra.laborasyon.com/demos/default/order-detail.html]
[vetra.laborasyon.com/demos/default/product-list.html]
[vetra.laborasyon.com/demos/default/product-grid.html]
[vetra.laborasyon.com/demos/default/product-detail.html]
[vetra.laborasyon.com/demos/default/shopping-cart.html]
[vetra.laborasyon.com/demos/default/checkout.html]
[vetra.laborasyon.com/demos/default/buyer-dashboard.html]
[vetra.laborasyon.com/demos/default/buyer-orders.html]
[vetra.laborasyon.com/demos/default/buyer-addresses.html]
[vetra.laborasyon.com/demos/default/buyer-wishlist.html]
[vetra.laborasyon.com/demos/default/customers.html]
[vetra.laborasyon.com/demos/default/invoices.html]
[vetra.laborasyon.com/demos/default/invoice-detail.html]
[vetra.laborasyon.com/demos/default/chats.html]
[vetra.laborasyon.com/demos/default/email.html]
[vetra.laborasyon.com/demos/default/email-detail.html]
[vetra.laborasyon.com/demos/default/email-template.html]
[vetra.laborasyon.com/demos/default/todo-list.html]
[vetra.laborasyon.com/demos/default/todo-detail.html]
[vetra.laborasyon.com/demos/default/profile-posts.html]
[vetra.laborasyon.com/demos/default/profile-connections.html]
[vetra.laborasyon.com/demos/default/user-grid.html]
[vetra.laborasyon.com/demos/default/register.html]
[vetra.laborasyon.com/demos/default/reset-password.html]
[vetra.laborasyon.com/demos/default/lock-screen.html]
[vetra.laborasyon.com/demos/default/account-verified.html]
[vetra.laborasyon.com/demos/default/404.html]
[vetra.laborasyon.com/demos/default/access-denied.html]
[vetra.laborasyon.com/demos/default/under-construction.html]
[vetra.laborasyon.com/demos/default/settings.html]
[vetra.laborasyon.com/demos/default/pricing-table.html]
[vetra.laborasyon.com/demos/default/search-page.html]
[vetra.laborasyon.com/demos/default/faq.html]
[vetra.laborasyon.com/demos/default/accordion.html]
[vetra.laborasyon.com/demos/default/alert.html]
[vetra.laborasyon.com/demos/default/badge.html]
[vetra.laborasyon.com/demos/default/breadcrumb.html]
[vetra.laborasyon.com/demos/default/buttons.html]
[vetra.laborasyon.com/demos/default/button-group.html]
[vetra.laborasyon.com/demos/default/card.html]
[vetra.laborasyon.com/demos/default/card-masonry.html]
[vetra.laborasyon.com/demos/default/carousel.html]
[vetra.laborasyon.com/demos/default/collapse.html]
[vetra.laborasyon.com/demos/default/dropdown.html]
[vetra.laborasyon.com/demos/default/list-group.html]
[vetra.laborasyon.com/demos/default/modal.html]
[vetra.laborasyon.com/demos/default/navs-tabs.html]
[vetra.laborasyon.com/demos/default/pagination.html]
[vetra.laborasyon.com/demos/default/popovers.html]
[vetra.laborasyon.com/demos/default/progress.html]
[vetra.laborasyon.com/demos/default/spinners.html]
[vetra.laborasyon.com/demos/default/toasts.html]
[vetra.laborasyon.com/demos/default/tables.html]
[vetra.laborasyon.com/demos/default/tooltip.html]
[vetra.laborasyon.com/demos/default/forms.html]
[vetra.laborasyon.com/demos/default/form-control.html]
[vetra.laborasyon.com/demos/default/select.html]
[vetra.laborasyon.com/demos/default/checks-radios.html]
[vetra.laborasyon.com/demos/default/range.html]
[vetra.laborasyon.com/demos/default/input-group.html]
[vetra.laborasyon.com/demos/default/forms-layout.html]
[vetra.laborasyon.com/demos/default/form-validation.html]
[vetra.laborasyon.com/demos/default/form-wizard.html]
[vetra.laborasyon.com/demos/default/form-repeater.html]
[vetra.laborasyon.com/demos/default/file-upload.html]
[vetra.laborasyon.com/demos/default/ckeditor.html]
[vetra.laborasyon.com/demos/default/range-slider.html]
[vetra.laborasyon.com/demos/default/select2.html]
[vetra.laborasyon.com/demos/default/tags-input.html]
[vetra.laborasyon.com/demos/default/input-mask.html]
[vetra.laborasyon.com/demos/default/datepicker.html]
[vetra.laborasyon.com/demos/default/clockpicker.html]
[vetra.laborasyon.com/demos/default/typography.html]
[vetra.laborasyon.com/demos/default/images.html]
[vetra.laborasyon.com/demos/default/figures.html]
[vetra.laborasyon.com/demos/default/avatar.html]
[vetra.laborasyon.com/demos/default/icons.html]
[vetra.laborasyon.com/demos/default/colors.html]
[vetra.laborasyon.com/demos/default/apexchart.html]
[vetra.laborasyon.com/demos/default/chartjs.html]
[vetra.laborasyon.com/demos/default/justgage.html]
[vetra.laborasyon.com/demos/default/morsis.html]
[vetra.laborasyon.com/demos/default/vector-map.html]
[vetra.laborasyon.com/demos/default/datatable.html]
[vetra.laborasyon.com/demos/default/sweet-alert.html]
[vetra.laborasyon.com/demos/default/introjs.html]
[vetra.laborasyon.com/demos/default/nestable.html]
[vetra.laborasyon.com/demos/default/rating.html]
[vetra.laborasyon.com/demos/default/code-highlighter.html]
[vetra.laborasyon.com/assets/images/products/3.jpg]
[vetra.laborasyon.com/assets/images/products/4.jpg]
[vetra.laborasyon.com/assets/images/products/5.jpg]
[vetra.laborasyon.com/assets/images/products/6.jpg]
[vetra.laborasyon.com/assets/images/user/women_avatar5.jpg]
[vetra.laborasyon.com/assets/images/products/10.jpg]
[vetra.laborasyon.com/assets/images/products/7.jpg]
[vetra.laborasyon.com/assets/images/products/8.jpg]
[vetra.laborasyon.com/assets/images/products/9.jpg]
[vetra.laborasyon.com/libs/bundle.js]
[vetra.laborasyon.com/libs/charts/apex/apexcharts.min.js]
[vetra.laborasyon.com/libs/slick/slick.min.js]
[vetra.laborasyon.com/dist/js/examples/dashboard.js]
[vetra.laborasyon.com/dist/js/app.min.js]
[vetra.laborasyon.com/demos/default/index.html]
[vetra.laborasyon.com/dist/icons/bootstrap-icons-1.4.0/fonts/bootstrap-iconse36a.woff2]
[vetra.laborasyon.com/dist/icons/bootstrap-icons-1.4.0/fonts/bootstrap-iconse36a.woff]
[vetra.laborasyon.com/dist/icons/bootstrap-icons-1.4.0/bootstrap-icons.min.css]
[vetra.laborasyon.com/dist/css/bootstrap-docs.css]
[vetra.laborasyon.com/libs/slick/slick.css]
[vetra.laborasyon.com/dist/css/app.min.css]
[vetra.laborasyon.com/demos/default/index-2.html]
[vetra.laborasyon.com/dist/icons/themify-icons/themify-icons.css]
[vetra.laborasyon.com/demos/default/login.html]
[vetra.laborasyon.com/dist/js/examples/orders.js]
[vetra.laborasyon.com/demos/default/orders.html]
[vetra.laborasyon.com/demos/default/order-detail.html]
[vetra.laborasyon.com/libs/range-slider/css/ion.rangeSlider.min.css]
[vetra.laborasyon.com/assets/images/products/1.jpg]
[vetra.laborasyon.com/assets/images/products/2.jpg]
[vetra.laborasyon.com/dist/js/examples/products.js]
[vetra.laborasyon.com/demos/default/product-list.html]
[vetra.laborasyon.com/demos/default/product-grid.html]
[vetra.laborasyon.com/libs/slick/slick-theme.css]
[vetra.laborasyon.com/libs/rating/rating.min.css]
[vetra.laborasyon.com/assets/images/user/man_avatar2.jpg]
[vetra.laborasyon.com/dist/js/examples/product-detail.js]
[vetra.laborasyon.com/libs/rating/jquery.rating.min.js]
[vetra.laborasyon.com/demos/default/product-detail.html]
[vetra.laborasyon.com/demos/default/shopping-cart.html]
[vetra.laborasyon.com/libs/form-wizard/jquery.steps.css]
[vetra.laborasyon.com/assets/images/paypal-logo.png]
[vetra.laborasyon.com/assets/images/cash-on-delivery-logo.png]
[vetra.laborasyon.com/libs/form-wizard/jquery.steps.min.js]
[vetra.laborasyon.com/dist/js/examples/checkout.js]
[vetra.laborasyon.com/demos/default/checkout.html]
[vetra.laborasyon.com/assets/images/profile-bg.jpg]
[vetra.laborasyon.com/assets/images/user/women_avatar3.jpg]
[vetra.laborasyon.com/dist/js/examples/buyer-dashboard.js]
[vetra.laborasyon.com/demos/default/buyer-dashboard.html]
[vetra.laborasyon.com/demos/default/buyer-orders.html]
[vetra.laborasyon.com/demos/default/buyer-addresses.html]
[vetra.laborasyon.com/demos/default/buyer-wishlist.html]
[vetra.laborasyon.com/dist/js/examples/customers.js]
[vetra.laborasyon.com/demos/default/customers.html]
[vetra.laborasyon.com/dist/js/examples/invoices.js]
[vetra.laborasyon.com/demos/default/invoices.html]
[vetra.laborasyon.com/demos/default/invoice-detail.html]
[vetra.laborasyon.com/assets/images/user/women_avatar2.jpg]
[vetra.laborasyon.com/assets/images/user/women_avatar1.jpg]
[vetra.laborasyon.com/assets/images/user/man_avatar1.jpg]
[vetra.laborasyon.com/assets/images/user/man_avatar4.jpg]
[vetra.laborasyon.com/assets/images/photo1.jpg]
[vetra.laborasyon.com/dist/js/examples/chat.js]
[vetra.laborasyon.com/demos/default/chats.html]
[vetra.laborasyon.com/libs/quill/quill.snow.css]
[vetra.laborasyon.com/libs/tagsinput/bootstrap-tagsinput.css]
[vetra.laborasyon.com/assets/images/user/man_avatar5.jpg]
[vetra.laborasyon.com/libs/tagsinput/bootstrap-tagsinput.js]
[vetra.laborasyon.com/dist/js/examples/mail.js]
[vetra.laborasyon.com/demos/default/email.html]
[vetra.laborasyon.com/demos/default/email-detail.html]
[vetra.laborasyon.com/libs/quill/quill.js]
[vetra.laborasyon.com/assets/images/email/image-2.png]
[vetra.laborasyon.com/assets/images/email/image-3.png]
[vetra.laborasyon.com/assets/images/email/image-4.png]
[vetra.laborasyon.com/assets/images/email/image-7.png]
[vetra.laborasyon.com/assets/images/email/image-6.png]
[vetra.laborasyon.com/assets/images/email/image-5.png]
[vetra.laborasyon.com/demos/default/email-template.html]
[vetra.laborasyon.com/libs/clockpicker/bootstrap-clockpicker.min.css]
[vetra.laborasyon.com/libs/datepicker/daterangepicker.css]
[vetra.laborasyon.com/libs/select2/css/select2.min.css]
[vetra.laborasyon.com/libs/clockpicker/bootstrap-clockpicker.min.js]
[vetra.laborasyon.com/libs/select2/js/select2.min.js]
[vetra.laborasyon.com/dist/js/examples/todo-list.js]
[vetra.laborasyon.com/demos/default/todo-list.html]
[vetra.laborasyon.com/demos/default/todo-detail.html]
[vetra.laborasyon.com/demos/default/profile-posts.html]
[vetra.laborasyon.com/assets/images/user/women_avatar4.jpg]
[vetra.laborasyon.com/demos/default/profile-connections.html]
[vetra.laborasyon.com/demos/default/user-grid.html]
[vetra.laborasyon.com/demos/default/register.html]
[vetra.laborasyon.com/demos/default/reset-password.html]
[vetra.laborasyon.com/demos/default/lock-screen.html]
[vetra.laborasyon.com/demos/default/account-verified.html]
[vetra.laborasyon.com/demos/default/404.html]
[vetra.laborasyon.com/demos/default/user-list.html]
[vetra.laborasyon.com/libs/prism/prism.css]
[vetra.laborasyon.com/libs/prism/prism.js]
[vetra.laborasyon.com/demos/default/access-denied.html]
[vetra.laborasyon.com/demos/default/under-construction.html]
[vetra.laborasyon.com/demos/default/settings.html]
[vetra.laborasyon.com/dist/js/examples/pricing-table.js]
[vetra.laborasyon.com/demos/default/pricing-table.html]
[vetra.laborasyon.com/libs/lightbox/magnific-popup.css]
[vetra.laborasyon.com/assets/images/photo2.jpg]
[vetra.laborasyon.com/assets/images/photo3.jpg]
[vetra.laborasyon.com/assets/images/photo4.jpg]
[vetra.laborasyon.com/assets/images/photo5.jpg]
[vetra.laborasyon.com/assets/images/photo6.jpg]
[vetra.laborasyon.com/assets/images/portfolio-one.jpg]
[vetra.laborasyon.com/assets/images/portfolio-two.jpg]
[vetra.laborasyon.com/assets/images/portfolio-three.jpg]
[vetra.laborasyon.com/assets/images/portfolio-four.jpg]
[vetra.laborasyon.com/assets/images/portfolio-five.jpg]
[vetra.laborasyon.com/assets/images/portfolio-six.jpg]
[vetra.laborasyon.com/libs/lightbox/jquery.magnific-popup.min.js]
[vetra.laborasyon.com/dist/js/examples/lightbox.js]
[vetra.laborasyon.com/demos/default/search-page.html]
[vetra.laborasyon.com/demos/default/faq.html]
[vetra.laborasyon.com/demos/default/accordion.html]
[vetra.laborasyon.com/demos/default/alert.html]
[vetra.laborasyon.com/demos/default/badge.html]
[vetra.laborasyon.com/demos/default/breadcrumb.html]
[vetra.laborasyon.com/demos/default/buttons.html]
[vetra.laborasyon.com/demos/default/button-group.html]
[vetra.laborasyon.com/demos/default/card.html]
[cdn.jsdelivr.net/npm/masonry-layout@4.2.2/dist/masonry.pkgd.min.js]
[vetra.laborasyon.com/libs/masonry.pkgd.min.js]
[vetra.laborasyon.com/demos/default/card-masonry.html]
[vetra.laborasyon.com/assets/images/carousel-1.jpg]
[vetra.laborasyon.com/assets/images/carousel-2.jpg]
[vetra.laborasyon.com/demos/default/carousel.html]
[vetra.laborasyon.com/demos/default/collapse.html]
[vetra.laborasyon.com/demos/default/dropdown.html]
[vetra.laborasyon.com/demos/default/list-group.html]
[vetra.laborasyon.com/dist/js/examples/modal.js]
[vetra.laborasyon.com/demos/default/modal.html]
[vetra.laborasyon.com/demos/default/navs-tabs.html]
[vetra.laborasyon.com/demos/default/pagination.html]
[vetra.laborasyon.com/demos/default/popovers.html]
[vetra.laborasyon.com/demos/default/progress.html]
[vetra.laborasyon.com/demos/default/spinners.html]
[vetra.laborasyon.com/dist/js/examples/toast.js]
[vetra.laborasyon.com/demos/default/toasts.html]
[vetra.laborasyon.com/demos/default/tables.html]
[vetra.laborasyon.com/demos/default/tooltip.html]
[vetra.laborasyon.com/demos/default/forms.html]
[vetra.laborasyon.com/demos/default/form-control.html]
[vetra.laborasyon.com/demos/default/select.html]
[vetra.laborasyon.com/demos/default/checks-radios.html]
[vetra.laborasyon.com/demos/default/range.html]
[vetra.laborasyon.com/demos/default/input-group.html]
[vetra.laborasyon.com/demos/default/forms-layout.html]
[vetra.laborasyon.com/demos/default/floating-label.html]
[vetra.laborasyon.com/dist/js/examples/form-validation.js]
[vetra.laborasyon.com/demos/default/form-validation.html]
[vetra.laborasyon.com/dist/js/examples/form-wizard.js]
[vetra.laborasyon.com/demos/default/form-wizard.html]
[vetra.laborasyon.com/libs/form-repeater/repeater.min.js]
[vetra.laborasyon.com/dist/js/examples/form-repeater.js]
[vetra.laborasyon.com/demos/default/form-repeater.html]
[vetra.laborasyon.com/libs/dropzone/dropzone.css]
[vetra.laborasyon.com/libs/dropzone/dropzone.js]
[vetra.laborasyon.com/demos/default/file-upload.html]
[vetra.laborasyon.com/libs/ckeditor5/ckeditor.js]
[vetra.laborasyon.com/dist/js/examples/ckeditor.js]
[vetra.laborasyon.com/demos/default/ckeditor.html]
[vetra.laborasyon.com/dist/js/examples/range-slider.js]
[vetra.laborasyon.com/demos/default/range-slider.html]
[vetra.laborasyon.com/demos/default/select2.html]
[vetra.laborasyon.com/demos/default/tags-input.html]
[vetra.laborasyon.com/libs/input-mask/jquery.mask.js]
[vetra.laborasyon.com/dist/js/examples/input-mask.js]
[vetra.laborasyon.com/demos/default/input-mask.html]
[vetra.laborasyon.com/dist/js/examples/datepicker.js]
[vetra.laborasyon.com/demos/default/datepicker.html]
[vetra.laborasyon.com/demos/default/clockpicker.html]
[vetra.laborasyon.com/demos/default/typography.html]
[vetra.laborasyon.com/demos/default/images.html]
[vetra.laborasyon.com/demos/default/figures.html]
[vetra.laborasyon.com/demos/default/avatar.html]
[vetra.laborasyon.com/dist/icons/font-awesome/css/font-awesome.min.css]
[vetra.laborasyon.com/dist/icons/weather/css/weather.min.css]
[vetra.laborasyon.com/demos/default/icons.html]
[vetra.laborasyon.com/demos/default/colors.html]
[apexcharts.com/samples/assets/irregular-data-series.js]
[vetra.laborasyon.com/demos/default/apexchart.html]
[vetra.laborasyon.com/libs/charts/chartjs/chart.min.js]
[vetra.laborasyon.com/dist/js/examples/charts/chartjs.js]
[vetra.laborasyon.com/demos/default/chartjs.html]
[vetra.laborasyon.com/libs/charts/justgage/justgage.js]
[vetra.laborasyon.com/libs/charts/justgage/raphael-2.1.4.min.js]
[vetra.laborasyon.com/dist/js/examples/charts/justgage.js]
[vetra.laborasyon.com/demos/default/justgage.html]
[vetra.laborasyon.com/libs/jquery-ui/jquery-ui.min.js]
[vetra.laborasyon.com/libs/charts/morsis/morris.css]
[vetra.laborasyon.com/libs/charts/morsis/raphael-2.1.4.min.js]
[vetra.laborasyon.com/libs/charts/morsis/morris.min.js]
[vetra.laborasyon.com/dist/js/examples/charts/morsis.js]
[vetra.laborasyon.com/demos/default/morsis.html]
[vetra.laborasyon.com/libs/vmap/jqvmap.min.css]
[vetra.laborasyon.com/libs/vmap/jquery.vmap.min.js]
[vetra.laborasyon.com/libs/vmap/maps/jquery.vmap.world.js]
[vetra.laborasyon.com/libs/vmap/maps/jquery.vmap.usa.js]
[vetra.laborasyon.com/dist/js/examples/vmap.js]
[vetra.laborasyon.com/demos/default/vector-map.html]
[vetra.laborasyon.com/libs/dataTable/datatables.min.css]
[vetra.laborasyon.com/demos/default/datatable.html]
[vetra.laborasyon.com/libs/animate/animate.min.css]
[vetra.laborasyon.com/dist/js/examples/sweet-alert.js]
[vetra.laborasyon.com/demos/default/sweet-alert.html]
[vetra.laborasyon.com/demos/default/lightbox.html]
[vetra.laborasyon.com/libs/introjs/introjs.min.css]
[vetra.laborasyon.com/libs/introjs/intro.min.js]
[vetra.laborasyon.com/dist/js/examples/intro.js]
[vetra.laborasyon.com/demos/default/introjs.html]
[vetra.laborasyon.com/libs/nestable/jquery.nestable.min.css]
[vetra.laborasyon.com/libs/dataTable/datatables.min.js]
[vetra.laborasyon.com/libs/nestable/jquery.nestable.min.js]
[vetra.laborasyon.com/dist/js/examples/nestable.js]
[vetra.laborasyon.com/demos/default/nestable.html]
[vetra.laborasyon.com/dist/js/examples/rating.js]
[vetra.laborasyon.com/demos/default/rating.html]
[vetra.laborasyon.com/demos/default/code-highlighter.html]
[vetra.laborasyon.com/libs/bundle.js]
[vetra.laborasyon.com/libs/charts/apex/apexcharts.min.js]
[vetra.laborasyon.com/libs/slick/slick.min.js]
[vetra.laborasyon.com/dist/js/examples/dashboard.js]
[vetra.laborasyon.com/dist/js/app.min.js]
[vetra.laborasyon.com/dist/icons/bootstrap-icons-1.4.0/fonts/bootstrap-iconse36a.woff]
[vetra.laborasyon.com/dist/icons/themify-icons/fonts/themify.ea9f24.delayed]
[vetra.laborasyon.com/dist/icons/themify-icons/fonts/themifyd41d.eot]
[vetra.laborasyon.com/dist/icons/themify-icons/fonts/themify9f24.woff]
[vetra.laborasyon.com/dist/icons/themify-icons/fonts/themify9f24.ttf]
[vetra.laborasyon.com/dist/icons/themify-icons/fonts/themify9f24.svg]
[vetra.laborasyon.com/dist/icons/themify-icons/themify-icons.css]
[vetra.laborasyon.com/dist/js/examples/orders.js]
[vetra.laborasyon.com/libs/range-slider/css/ion.rangeSlider.min.css]
[vetra.laborasyon.com/dist/js/examples/products.js]
[vetra.laborasyon.com/libs/slick/ajax-loader.gif]
[vetra.laborasyon.com/libs/range-slider/js/ion.rangeSlider.min.js]
[vetra.laborasyon.com/libs/slick/fonts/slick.eot]
[vetra.laborasyon.com/libs/slick/fonts/slickd41d.eot]
[vetra.laborasyon.com/libs/slick/fonts/slick.woff]
[vetra.laborasyon.com/libs/slick/fonts/slick.ttf]
[vetra.laborasyon.com/libs/slick/fonts/slick.svg]
[vetra.laborasyon.com/libs/slick/slick-theme.css]
[vetra.laborasyon.com/libs/rating/rating.min.css]
[vetra.laborasyon.com/dist/js/examples/product-detail.js]
[vetra.laborasyon.com/libs/rating/jquery.rating.min.js]
[vetra.laborasyon.com/libs/form-wizard/jquery.steps.css]
[vetra.laborasyon.com/libs/form-wizard/jquery.steps.min.js]
[vetra.laborasyon.com/dist/js/examples/checkout.js]
[vetra.laborasyon.com/dist/js/examples/buyer-dashboard.js]
[vetra.laborasyon.com/dist/js/examples/customers.js]
[vetra.laborasyon.com/dist/js/examples/invoices.js]
[vetra.laborasyon.com/dist/js/examples/chat.js]
[vetra.laborasyon.com/libs/quill/quill.snow.css]
[vetra.laborasyon.com/libs/tagsinput/bootstrap-tagsinput.css]
[vetra.laborasyon.com/libs/tagsinput/bootstrap-tagsinput.js]
[vetra.laborasyon.com/dist/js/examples/tagsinput.js]
[vetra.laborasyon.com/libs/quill/quill.js]
[vetra.laborasyon.com/dist/js/examples/mail.js]
[vetra.laborasyon.com/libs/clockpicker/bootstrap-clockpicker.min.css]
[vetra.laborasyon.com/libs/datepicker/daterangepicker.css]
[vetra.laborasyon.com/libs/select2/css/select2.min.css]
[vetra.laborasyon.com/libs/clockpicker/bootstrap-clockpicker.min.js]
[vetra.laborasyon.com/libs/select2/js/select2.min.js]
[vetra.laborasyon.com/libs/jquery-ui/jquery-ui.min.js]
[vetra.laborasyon.com/dist/js/examples/todo-list.js]
[vetra.laborasyon.com/demos/default/blots/index.html]
[vetra.laborasyon.com/demos/default/formats/index.html]
[vetra.laborasyon.com/libs/datepicker/daterangepicker.js]
[vetra.laborasyon.com/dist/js/examples/users.js]
[vetra.laborasyon.com/demos/default/user-list.html]
[vetra.laborasyon.com/libs/prism/prism.css]
[vetra.laborasyon.com/libs/prism/prism.js]
[vetra.laborasyon.com/dist/js/examples/pricing-table.js]
[vetra.laborasyon.com/libs/lightbox/magnific-popup.css]
[vetra.laborasyon.com/libs/lightbox/jquery.magnific-popup.min.js]
[vetra.laborasyon.com/dist/js/examples/lightbox.js]
[vetra.laborasyon.com/libs/masonry.pkgd.min.js]
[vetra.laborasyon.com/dist/js/examples/modal.js]
[vetra.laborasyon.com/dist/js/examples/toast.js]
[vetra.laborasyon.com/demos/default/floating-label.html]
[vetra.laborasyon.com/dist/js/examples/form-validation.js]
[vetra.laborasyon.com/dist/js/examples/form-wizard.js]
[vetra.laborasyon.com/libs/form-repeater/repeater.min.js]
[vetra.laborasyon.com/dist/js/examples/form-repeater.js]
[vetra.laborasyon.com/libs/dropzone/dropzone.css]
[vetra.laborasyon.com/libs/dropzone/dropzone.js]
[vetra.laborasyon.com/libs/ckeditor5/ckeditor.js]
[vetra.laborasyon.com/dist/js/examples/ckeditor.js]
[vetra.laborasyon.com/dist/js/examples/range-slider.js]
[vetra.laborasyon.com/dist/js/examples/select2.js]
[vetra.laborasyon.com/libs/input-mask/jquery.mask.js]
[vetra.laborasyon.com/dist/js/examples/input-mask.js]
[vetra.laborasyon.com/dist/js/examples/datepicker.js]
[vetra.laborasyon.com/dist/js/examples/clockpicker.js]
[vetra.laborasyon.com/dist/icons/font-awesome/css/font-awesome.min.css]
[vetra.laborasyon.com/dist/icons/weather/css/weather.min.css]
[vetra.laborasyon.com/libs/charts/chartjs/chart.min.js]
[vetra.laborasyon.com/dist/js/examples/charts/chartjs.js]
[vetra.laborasyon.com/demos/default/raphael.svg]
[vetra.laborasyon.com/libs/charts/justgage/raphael-2.1.4.min.js]
[vetra.laborasyon.com/libs/charts/justgage/justgage.js]
[vetra.laborasyon.com/dist/js/examples/charts/justgage.js]
[vetra.laborasyon.com/libs/charts/morsis/morris.css]
[vetra.laborasyon.com/libs/charts/morsis/raphael-2.1.4.min.js]
[vetra.laborasyon.com/libs/charts/morsis/morris.min.js]
[vetra.laborasyon.com/dist/js/examples/charts/morsis.js]
[vetra.laborasyon.com/libs/vmap/jqvmap.min.css]
[vetra.laborasyon.com/libs/vmap/jquery.vmap.min.js]
[vetra.laborasyon.com/libs/vmap/maps/jquery.vmap.world.js]
[vetra.laborasyon.com/libs/vmap/maps/jquery.vmap.usa.js]
[vetra.laborasyon.com/dist/js/examples/vmap.js]
[vetra.laborasyon.com/libs/dataTable/datatables.min.css]
[vetra.laborasyon.com/demos/default/zlib/deflate.js]
[vetra.laborasyon.com/demos/default/zlib/inflate.js]
[vetra.laborasyon.com/demos/default/ABCDEFGHIJKLMNOPQRSTUVWXYZabcdefghijklmnopqrstuvwxyz0123456789+/index.html]
[vetra.laborasyon.com/demos/default/buttons.pdf]
[vetra.laborasyon.com/demos/default/xl/worksheets/sheet1.xml]
[vetra.laborasyon.com/demos/default/xl/workbook.xml]
[vetra.laborasyon.com/demos/default/xl/styles.xml]
[vetra.laborasyon.com/demos/default/[Content_Types].xml]
[vetra.laborasyon.com/libs/dataTable/datatables.min.js]
[vetra.laborasyon.com/dist/js/examples/datatable.js]
[vetra.laborasyon.com/libs/animate/animate.min.css]
[vetra.laborasyon.com/dist/js/examples/sweet-alert.js]
[vetra.laborasyon.com/assets/images/photo7.jpg]
[vetra.laborasyon.com/assets/images/photo8.jpg]
[vetra.laborasyon.com/assets/images/photo9.jpg]
[vetra.laborasyon.com/demos/default/lightbox.html]
[vetra.laborasyon.com/libs/introjs/introjs.min.css]
[vetra.laborasyon.com/libs/introjs/intro.min.js]
[vetra.laborasyon.com/dist/js/examples/intro.js]
[vetra.laborasyon.com/libs/nestable/jquery.nestable.min.css]
[vetra.laborasyon.com/libs/nestable/jquery.nestable.min.js]
[vetra.laborasyon.com/dist/js/examples/nestable.js]
[vetra.laborasyon.com/dist/js/examples/rating.js]
[vetra.laborasyon.com/dist/icons/themify-icons/fonts/themify9f24.html]
[vetra.laborasyon.com/dist/icons/themify-icons/fonts/themify9f24-2.html]
[vetra.laborasyon.com/dist/icons/themify-icons/fonts/themify9f24-3.html]
[vetra.laborasyon.com/libs/range-slider/js/ion.rangeSlider.min.js]
[vetra.laborasyon.com/libs/slick/fonts/slick.svg]
[vetra.laborasyon.com/demos/default/blots/index.html]
[vetra.laborasyon.com/demos/default/formats/index.html]
[vetra.laborasyon.com/libs/datepicker/daterangepicker.js]
[vetra.laborasyon.com/dist/js/examples/users.js]
[vetra.laborasyon.com/demos/default/raphael.html]
[vetra.laborasyon.com/demos/default/zlib/deflate.html]
[vetra.laborasyon.com/demos/default/zlib/inflate.html]
[vetra.laborasyon.com/demos/default/ABCDEFGHIJKLMNOPQRSTUVWXYZabcdefghijklmnopqrstuvwxyz0123456789+/index.html]
[vetra.laborasyon.com/demos/default/buttons-2.html]
[vetra.laborasyon.com/demos/default/xl/worksheets/sheet1.html]
[vetra.laborasyon.com/demos/default/xl/workbook.html]
[vetra.laborasyon.com/demos/default/xl/styles.html]
[vetra.laborasyon.com/demos/default/[Content_Types].html]
[vetra.laborasyon.com/dist/js/examples/charts/apex.js]
[vetra.laborasyon.com/dist/js/examples/charts/apex.js]
